APP_ENV=production
SECRET_KEY=FIXTURE_SECRET_KEY_NOT_A_REAL_KEY
COMMAND_DRY_RUN=false
DATABASE_URL=sqlite:////root/cfgfix/app/backend/snpanel.db
REDIS_URL=redis://localhost:6379/0
RATE_LIMIT_BACKEND=redis
ALLOWED_ORIGINS=https://fixtures.invalid:2222
BACKUP_ROOT=/var/backups/snpanel
SSL_EMAIL=admin@fixtures.invalid
PANEL_URL=https://fixtures.invalid:2222
PANEL_DOMAIN=fixtures.invalid
PANEL_PORT=2222
PANEL_SSL_CERT=
PANEL_SSL_KEY=
FRONTEND_DIST=/root/cfgfix/app/frontend/dist
# Which PHP version the panel acts on when a site does not name one. Written
# here because this is the only place that knows what was installed: Ubuntu
# 24.04 gets 8.3 and 8.4, 26.04 carries 8.5 alone, and EL gets 8.3 and 8.4 from
# Remi. Without it the panel fell back to a constant and asked the helper about
# a version the machine did not have.
DEFAULT_PHP_VERSION=8.4
