validate_sources
ask_panel_url
install_base_packages
install_nodejs
install_php
require_rust_binaries
configure_fastcgi_cache
install_waf_engine
install_wp_cli
copy_sources
build_frontend
setup_panel_user
setup_sftp_access
install_privileged_helper
install_panel_cli
validate_privileged_helper
setup_backend
setup_systemd
setup_phpmyadmin_control_user
setup_phpmyadmin_sso
setup_nginx
setup_firewall
configure_log_limits
setup_ssl
enable_ipv6_when_available
write_login_info
write_update_state
print_summary
cleanup_rust_binaries
cleanup_release_source
