[Unit]
Description=SNPanel scheduled backup runner
After=network.target mariadb.service

[Service]
Type=oneshot
User=snpanel
Group=snpanel
SupplementaryGroups=www-data snpanel-sites
WorkingDirectory=/opt/snpanel/backend
EnvironmentFile=/opt/snpanel/backend/.env
Environment=HOME=/opt/snpanel
Environment=SNPANEL_USE_HELPER=true
ExecStart=/opt/snpanel/backend/.venv/bin/python -m app.services.backup_scheduler
NoNewPrivileges=false
ProtectSystem=false
ProtectHome=false
ReadWritePaths=/opt/snpanel /home /var/backups/snpanel /etc/nginx/conf.d /etc/nginx/snpanel/custom /tmp /var/lib/snpanel /home/admin/snpanel_backups/da /var/lib/snpanel/da-import /var/lib/snpanel/import-stage
PrivateTmp=true

[Install]
WantedBy=multi-user.target
