# SNPanel default WAF rules: lightweight WordPress, Laravel, and PHP probes only.
SecRule REQUEST_URI "@rx (?i)(?:/\.env(?:\.|$)|/\.user\.ini(?:\.|$)|/\.git/|/composer\.(?:json|lock)(?:$|[?])|/(?:phpinfo|info)\.php(?:$|[?])|/(?:config|database|db)\.php\.(?:bak|old|save|txt)(?:$|[?]))" "id:1001301,phase:1,deny,status:403,log,msg:'SNPanel blocked PHP sensitive file probe'"
SecRule REQUEST_URI|ARGS "@rx (?i)(?:\.\./|\.\.\\|%2e%2e%2f|%252e%252e%252f)" "id:1001302,phase:1,deny,status:403,log,msg:'SNPanel blocked PHP path traversal'"
SecRule REQUEST_URI "@rx (?i)(?:/(?:c99|r57|shell|cmd|wso)\.php(?:$|[?])|/vendor/phpunit/phpunit/src/Util/PHP/eval-stdin\.php(?:$|[?]))" "id:1001303,phase:1,deny,status:403,log,msg:'SNPanel blocked PHP runtime probe'"
SecRule REQUEST_URI "@rx (?i)(?:/\.env(?:\.|$)|/artisan(?:$|[?])|/server\.php(?:$|[?])|/storage/logs/[^?]*\.log(?:$|[?])|/bootstrap/cache/[^?]*\.php(?:$|[?]))" "id:1001201,phase:1,deny,status:403,log,msg:'SNPanel blocked Laravel sensitive path'"
SecRule REQUEST_URI "@rx (?i)(?:/_ignition/execute-solution(?:$|[?]))" "id:1001202,phase:1,deny,status:403,log,msg:'SNPanel blocked Laravel Ignition RCE probe'"
SecRule REQUEST_URI "@rx (?i)(?:/wp-config\.php(?:\.|$|[?])|/wp-content/(?:uploads|cache|upgrade)/[^?]*\.php(?:$|[?])|/wp-admin/includes/[^?]*\.php(?:$|[?])|/wp-includes/[^?]*\.php(?:$|[?]))" "id:1001101,phase:1,deny,status:403,log,msg:'SNPanel blocked WordPress sensitive path'"
SecRule ARGS:author "@rx ^[0-9]+$" "id:1001103,phase:1,deny,status:403,log,msg:'SNPanel blocked WordPress author enumeration'"
SecRule REQUEST_URI "@rx (?i)(?:/wp-admin/install\.php(?:$|[?])|/wp-admin/setup-config\.php(?:$|[?]))" "id:1001104,phase:1,deny,status:403,log,msg:'SNPanel blocked WordPress installer probe'"
